 
****************************************
Report : area
Design : JAM
Version: O-2018.06
Date   : Sun Mar 16 23:38:34 2025
****************************************

Library(s) Used:

    slow (File: /home/wuyifan/Desktop/ICContest/Lib/slow.db)

Number of ports:                           62
Number of nets:                           704
Number of cells:                          639
Number of combinational cells:            563
Number of sequential cells:                75
Number of macros/black boxes:               0
Number of buf/inv:                        120
Number of references:                      76

Combinational area:               4851.169154
Buf/Inv area:                      767.224792
Noncombinational area:            2191.343409
Macro/Black Box area:                0.000000
Net Interconnect area:           87360.439575

Total cell area:                  7042.512563
Total area:                      94402.952138
1
