 
****************************************
Report : timing
        -path full
        -delay max
        -max_paths 1
Design : JAM
Version: O-2018.06
Date   : Sun Mar 16 23:38:34 2025
****************************************

Operating Conditions: slow   Library: slow
Wire Load Model Mode: top

  Startpoint: Cost[1] (input port clocked by CLK)
  Endpoint: sum_reg[9] (rising edge-triggered flip-flop clocked by CLK)
  Path Group: CLK
  Path Type: max

  Des/Clust/Port     Wire Load Model       Library
  ------------------------------------------------
  JAM                tsmc13_wl10           slow

  Point                                    Incr       Path
  -----------------------------------------------------------
  clock CLK (fall edge)                    5.00       5.00
  clock network delay (ideal)              0.50       5.50
  input external delay                     0.00       5.50 f
  Cost[1] (in)                             0.00       5.50 f
  add_59/B[1] (JAM_DW01_add_0)             0.00       5.50 f
  add_59/U1_1/CO (ADDFXL)                  0.69       6.19 f
  add_59/U1_2/CO (ADDFXL)                  0.53       6.72 f
  add_59/U1_3/CO (ADDFXL)                  0.53       7.25 f
  add_59/U1_4/CO (ADDFXL)                  0.53       7.77 f
  add_59/U1_5/CO (ADDFXL)                  0.53       8.30 f
  add_59/U1_6/CO (ADDFXL)                  0.63       8.94 f
  add_59/U5/Y (AND2X2)                     0.34       9.27 f
  add_59/U4/Y (NAND2X1)                    0.18       9.46 r
  add_59/U3/Y (XNOR2X1)                    0.25       9.71 r
  add_59/SUM[9] (JAM_DW01_add_0)           0.00       9.71 r
  sum_reg[9]/D (DFFTRX1)                   0.00       9.71 r
  data arrival time                                   9.71

  clock CLK (rise edge)                   10.00      10.00
  clock network delay (ideal)              0.50      10.50
  clock uncertainty                       -0.10      10.40
  sum_reg[9]/CK (DFFTRX1)                  0.00      10.40 r
  library setup time                      -0.26      10.14
  data required time                                 10.14
  -----------------------------------------------------------
  data required time                                 10.14
  data arrival time                                  -9.71
  -----------------------------------------------------------
  slack (MET)                                         0.43


1
