 
****************************************
Report : timing
        -path full
        -delay max
        -max_paths 1
Design : LCD_CTRL
Version: O-2018.06
Date   : Sun Mar 16 23:44:29 2025
****************************************

Operating Conditions: slow   Library: slow
Wire Load Model Mode: top

  Startpoint: point_x_reg[0]
              (rising edge-triggered flip-flop clocked by clk)
  Endpoint: IROM_reg[1][5]
            (rising edge-triggered flip-flop clocked by clk)
  Path Group: clk
  Path Type: max

  Des/Clust/Port     Wire Load Model       Library
  ------------------------------------------------
  LCD_CTRL           tsmc13_wl10           slow

  Point                                                   Incr       Path
  --------------------------------------------------------------------------
  clock clk (rise edge)                                   0.00       0.00
  clock network delay (ideal)                             0.50       0.50
  point_x_reg[0]/CK (DFFHQX4)                             0.00       0.50 r
  point_x_reg[0]/Q (DFFHQX4)                              0.23       0.73 f
  U3369/Y (BUFX20)                                        0.17       0.90 f
  U3365/Y (OR2X8)                                         0.21       1.11 f
  U3368/Y (CLKINVX20)                                     0.04       1.15 r
  U3366/Y (NAND2X8)                                       0.07       1.22 f
  U3367/Y (INVX20)                                        0.09       1.31 r
  U5932/Y (XNOR2X4)                                       0.16       1.47 f
  U2936/Y (INVX16)                                        0.18       1.65 r
  U2506/Y (INVX20)                                        0.10       1.75 f
  U2671/Y (INVX3)                                         0.10       1.85 r
  U7044/Y (NOR2X1)                                        0.16       2.02 f
  U2672/Y (CLKBUFX3)                                      0.28       2.30 f
  U7047/Y (AND2X1)                                        0.33       2.62 f
  U2879/Y (BUFX4)                                         0.41       3.04 f
  U3175/Y (AO22XL)                                        0.47       3.50 f
  U2688/Y (AOI221XL)                                      0.60       4.10 r
  U2526/Y (NAND4X2)                                       0.23       4.33 f
  U7094/Y (AOI22X1)                                       0.27       4.60 r
  U3159/Y (OAI221X4)                                      0.45       5.06 f
  add_2_root_add_0_root_add_133_3/B[1] (LCD_CTRL_DW01_add_5)
                                                          0.00       5.06 f
  add_2_root_add_0_root_add_133_3/U1_1/CO (ADDFX1)        0.48       5.53 f
  add_2_root_add_0_root_add_133_3/U1_2/CO (CMPR32X2)      0.37       5.90 f
  add_2_root_add_0_root_add_133_3/U1_3/CO (ADDFHX1)       0.32       6.22 f
  add_2_root_add_0_root_add_133_3/U1_4/CO (ADDFXL)        0.50       6.71 f
  add_2_root_add_0_root_add_133_3/U1_5/S (ADDFXL)         0.60       7.31 r
  add_2_root_add_0_root_add_133_3/SUM[5] (LCD_CTRL_DW01_add_5)
                                                          0.00       7.31 r
  add_0_root_add_0_root_add_133_3/A[5] (LCD_CTRL_DW01_add_3)
                                                          0.00       7.31 r
  add_0_root_add_0_root_add_133_3/U1_5/CO (ADDFX2)        0.48       7.79 r
  add_0_root_add_0_root_add_133_3/U1_6/CO (ADDFHX1)       0.29       8.09 r
  add_0_root_add_0_root_add_133_3/U1_7/S (ADDFHX2)        0.33       8.41 f
  add_0_root_add_0_root_add_133_3/SUM[7] (LCD_CTRL_DW01_add_3)
                                                          0.00       8.41 f
  U3473/Y (CLKAND2X8)                                     0.12       8.54 f
  U2741/Y (NOR3X1)                                        0.34       8.88 r
  U2740/Y (NAND2X2)                                       0.19       9.06 f
  U2515/Y (CLKINVX8)                                      0.10       9.17 r
  U2516/Y (INVX12)                                        0.08       9.25 f
  U2751/Y (CLKINVX8)                                      0.27       9.52 r
  U5673/Y (OAI211X1)                                      0.22       9.74 f
  IROM_reg[1][5]/D (EDFFX1)                               0.00       9.74 f
  data arrival time                                                  9.74

  clock clk (rise edge)                                  10.00      10.00
  clock network delay (ideal)                             0.50      10.50
  clock uncertainty                                      -0.10      10.40
  IROM_reg[1][5]/CK (EDFFX1)                              0.00      10.40 r
  library setup time                                     -0.66       9.74
  data required time                                                 9.74
  --------------------------------------------------------------------------
  data required time                                                 9.74
  data arrival time                                                 -9.74
  --------------------------------------------------------------------------
  slack (MET)                                                        0.00


1
