 
****************************************
Report : timing
        -path full
        -delay max
        -max_paths 1
Design : geofence
Version: O-2018.06
Date   : Sun Mar 16 23:37:22 2025
****************************************

Operating Conditions: slow   Library: slow
Wire Load Model Mode: top

  Startpoint: Cal_IsInside_counter_reg[2]
              (rising edge-triggered flip-flop clocked by clk)
  Endpoint: geofence_X_reg[1][0]
            (rising edge-triggered flip-flop clocked by clk)
  Path Group: clk
  Path Type: max

  Des/Clust/Port     Wire Load Model       Library
  ------------------------------------------------
  geofence           tsmc13_wl10           slow

  Point                                                   Incr       Path
  --------------------------------------------------------------------------
  clock clk (rise edge)                                   0.00       0.00
  clock network delay (ideal)                             0.50       0.50
  Cal_IsInside_counter_reg[2]/CK (DFFQXL)                 0.00       0.50 r
  Cal_IsInside_counter_reg[2]/Q (DFFQXL)                  0.96       1.46 r
  U1026/Y (INVX3)                                         0.43       1.89 f
  U1343/Y (NOR2X2)                                        0.82       2.71 r
  U1422/Y (NAND2X1)                                       0.57       3.28 f
  U1134/Y (NAND2X1)                                       0.73       4.01 r
  U1076/Y (CLKINVX1)                                      0.46       4.46 f
  U1426/Y (NOR3X1)                                        0.35       4.81 r
  U1046/Y (CLKBUFX3)                                      0.75       5.56 r
  U1368/Y (AOI222XL)                                      0.45       6.00 f
  U1366/Y (NAND2X1)                                       0.39       6.39 r
  sub_94/A[0] (geofence_DW01_sub_2)                       0.00       6.39 r
  sub_94/U4/Y (CLKINVX1)                                  0.19       6.58 f
  sub_94/U3/Y (NAND2X1)                                   0.20       6.79 r
  sub_94/U2_1/CO (ADDFXL)                                 0.48       7.27 r
  sub_94/U2_2/CO (ADDFXL)                                 0.50       7.77 r
  sub_94/U2_3/CO (ADDFXL)                                 0.50       8.26 r
  sub_94/U2_4/CO (ADDFXL)                                 0.50       8.76 r
  sub_94/U2_5/CO (ADDFXL)                                 0.50       9.26 r
  sub_94/U2_6/CO (ADDFXL)                                 0.50       9.75 r
  sub_94/U2_7/CO (ADDFXL)                                 0.50      10.25 r
  sub_94/U2_8/CO (ADDFXL)                                 0.50      10.74 r
  sub_94/U2_9/S (ADDFXL)                                  0.60      11.35 r
  sub_94/DIFF[9] (geofence_DW01_sub_2)                    0.00      11.35 r
  U1194/Y (AO22X1)                                        0.57      11.91 r
  mult_21/a[9] (geofence_DW_mult_tc_0)                    0.00      11.91 r
  mult_21/U440/Y (XOR2X1)                                 0.34      12.26 r
  mult_21/U287/Y (NAND2X1)                                0.17      12.42 f
  mult_21/U286/Y (CLKBUFX3)                               0.59      13.01 f
  mult_21/U394/Y (OAI22XL)                                0.51      13.52 r
  mult_21/U49/S (ADDHXL)                                  0.68      14.20 r
  mult_21/U47/S (CMPR42X1)                                0.88      15.08 f
  mult_21/U15/CO (ADDFXL)                                 0.68      15.75 f
  mult_21/U14/CO (ADDFXL)                                 0.53      16.28 f
  mult_21/U13/CO (ADDFXL)                                 0.53      16.81 f
  mult_21/U12/CO (ADDFXL)                                 0.53      17.33 f
  mult_21/U11/CO (ADDFXL)                                 0.53      17.86 f
  mult_21/U10/CO (ADDFXL)                                 0.53      18.39 f
  mult_21/U9/CO (ADDFXL)                                  0.53      18.92 f
  mult_21/U8/CO (ADDFXL)                                  0.53      19.44 f
  mult_21/U7/S (ADDFXL)                                   0.62      20.07 f
  mult_21/product[17] (geofence_DW_mult_tc_0)             0.00      20.07 f
  r505/B[17] (geofence_DW_cmp_0)                          0.00      20.07 f
  r505/U119/Y (OAI222XL)                                  0.93      20.99 r
  r505/U118/Y (OAI222XL)                                  0.65      21.64 f
  r505/U117/Y (OAI222XL)                                  0.94      22.58 r
  r505/U116/Y (OAI222XL)                                  0.49      23.07 f
  r505/U76/Y (NAND2X1)                                    0.64      23.70 r
  r505/GE_LT_GT_LE (geofence_DW_cmp_0)                    0.00      23.70 r
  U1108/Y (NOR2BX1)                                       0.49      24.19 r
  U1066/Y (INVX3)                                         0.35      24.54 f
  U1432/Y (OAI32X1)                                       0.66      25.20 r
  U1431/Y (CLKINVX1)                                      0.38      25.59 f
  U1052/Y (CLKINVX1)                                      0.58      26.16 r
  U1157/Y (NAND2X1)                                       0.20      26.37 f
  U1038/Y (CLKBUFX3)                                      0.86      27.22 f
  U1124/Y (OAI222XL)                                      0.81      28.03 r
  geofence_X_reg[1][0]/D (DFFX1)                          0.00      28.03 r
  data arrival time                                                 28.03

  clock clk (rise edge)                                  30.00      30.00
  clock network delay (ideal)                             0.50      30.50
  clock uncertainty                                      -0.10      30.40
  geofence_X_reg[1][0]/CK (DFFX1)                         0.00      30.40 r
  library setup time                                     -0.16      30.24
  data required time                                                30.24
  --------------------------------------------------------------------------
  data required time                                                30.24
  data arrival time                                                -28.03
  --------------------------------------------------------------------------
  slack (MET)                                                        2.21


1
